// 同步 ID: 7b91022d @ Sat Jul 18 13:28:10 UTC 2026
// 同步 ID: 1299e790 @ Sat Jul 18 18:42:01 UTC 2026
// 重构日志: d418c31c
// 重构日志: 972b7091
// 重构日志: 74811f35
// 重构日志: 9b6f9e7b
// 重构日志: 3033e5ff
// 重构日志: c0a1f1ac
// 重构日志: d23dd77d
// 重构日志: 6280dd88
// 重构日志: 12c1e2dd
// 同步 ID: 7375739b @ Wed Jul 22 16:04:06 UTC 2026
// 同步 ID: c8353264 @ Fri Jul 24 05:42:54 UTC 2026
// 重构日志: 4f53a3df
// 重构日志: a1f43959
// 重构日志: 420f214d
// 重构日志: f5af808c
// 同步 ID: f1809b72 @ Sun Jul 26 08:37:36 UTC 2026
// 重构日志: a28f0245
// 重构日志: 13fd22d0
// 同步 ID: adbed8bc @ Tue Jul 28 00:34:36 UTC 2026
// 同步 ID: 11762d42 @ Tue Jul 28 01:23:15 UTC 2026
// 同步 ID: 7081ac12 @ Fri Jul 31 08:22:52 UTC 2026
// 重构日志: bd56ffef
// 重构日志: 67437a7b
// 重构日志: fb1c1f4f
// 重构日志: 24b37254
// 重构日志: 7abeb69f
// 同步 ID: fc2ae87d @ Sun Aug  2 13:39:27 UTC 2026
// 同步 ID: 4e32c17b @ Sun Aug  2 22:31:58 UTC 2026
// 重构日志: 05f01e4e
// 重构日志: b2d61595
// 重构日志: e2cf13cb
// 重构日志: 4fde8afe
